// Jest Snapshot v1, https://goo.gl/fbAQLP

exports[`<TodoList /> should match snapshot 1`] = `
<ul
  className="list-group list-group-flush"
>
  <TodoListItem
    handleDelete={[MockFunction]}
    handleToggle={[MockFunction]}
    i={0}
    todo={
      Object {
        "desc": "Aprender React",
        "done": false,
        "id": 1,
      }
    }
  />
  <TodoListItem
    handleDelete={[MockFunction]}
    handleToggle={[MockFunction]}
    i={1}
    todo={
      Object {
        "desc": "Aprender MongoDB",
        "done": false,
        "id": 2,
      }
    }
  />
</ul>
`;
