// Jest Snapshot v1, https://goo.gl/fbAQLP

exports[`<HooksApp /> Should match snapshot 1`] = `
<div>
  <h1>
    Hooks App
  </h1>
</div>
`;
